// Bun Snapshot v1, https://bun.sh/docs/test/snapshots

exports[`ModalDialog renders correctly: standin 1`] = `"<DocumentFragment />"`;

exports[`ModalDialog renders correctly: portal 1`] = `
"<div
  aria-modal="true"
  class="modal modal-open fixed flex p-0 m-0 top-0 left-0 undefined"
  data-headlessui-state="open"
  data-open=""
  id="headlessui-dialog-«normalized»"
  role="dialog"
  style="background-color: transparent; align-items: center; justify-content: center; height: 100vh; width: 100vw;"
  tabindex="-1"
>
  <div
    aria-hidden="true"
    class="fixed inset-0 bg-black/30 "
  />
  <div
    aria-label="modal"
    class="undefined modal-box mx-auto rounded-[24px] bg-[#F4F4FF] dark:bg-[#1D192D] shadow-lg relative"
    data-headlessui-state="open"
    data-open=""
    id="headlessui-dialog-panel-«normalized»"
  >
    <form
      method="dialog"
    >
      <button
        aria-label="Close"
        class="btn btn-sm btn-circle btn-ghost absolute right-2 top-2 text-[#00000099] dark:text-[#FFFFFF99] hover:bg-[#0000000A] dark:hover:bg-[#FFFFFF1A] disabled:cursor-not-allowed"
        role="button"
      >
        ✕
      </button>
    </form>
    Hello World
  </div>
</div>"
`;

exports[`ModalDialog renders to nothing if not visible: standin 1`] = `"<DocumentFragment />"`;

exports[`ModalDialog renders to nothing if not visible: portal 1`] = `"null"`;
